<html>
<body>
<pre>
<h1>µVision Build Log</h1>
<h2>Tool Versions:</h2>
IDE-Version: ¦ÌVision V5.24.2.0
Copyright (C) 2017 ARM Ltd and ARM Germany GmbH. All rights reserved.
License Information: 1 zhang, 1, LIC=WHYH9-4XJ1H-FWU2N-YRX6R-3RT73-GCXM8
 
Tool Versions:
Toolchain:       MDK-ARM Plus  Version: 5.24.1
Toolchain Path:  D:\keli5mdk\ARM\ARMCC\Bin
C Compiler:      Armcc.exe V5.06 update 5 (build 528)
Assembler:       Armasm.exe V5.06 update 5 (build 528)
Linker/Locator:  ArmLink.exe V5.06 update 5 (build 528)
Library Manager: ArmAr.exe V5.06 update 5 (build 528)
Hex Converter:   FromElf.exe V5.06 update 5 (build 528)
CPU DLL:         SARMCM3.DLL V5.24.1
Dialog DLL:      DCM.DLL V1.16.0.0
Target DLL:      STLink\ST-LINKIII-KEIL_SWO.dll V3.0.1.0
Dialog DLL:      TCM.DLL V1.32.0.0
 
<h2>Project:</h2>
C:\Users\zhang\Desktop\hardware\rm project\my_can_move\MDK-ARM\my_can_move.uvprojx
Project File Date:  08/27/2024

<h2>Output:</h2>
*** Using Compiler 'V5.06 update 5 (build 528)', folder: 'D:\keli5mdk\ARM\ARMCC\Bin'
Rebuild target 'my_can_move'
assembling startup_stm32f407xx.s...
compiling stm32f4xx_it.c...
compiling stm32f4xx_hal_rcc_ex.c...
compiling stm32f4xx_hal_rcc.c...
compiling can.c...
compiling stm32f4xx_hal_flash.c...
compiling usart.c...
compiling gpio.c...
compiling stm32f4xx_hal_msp.c...
compiling main.c...
compiling dma.c...
compiling stm32f4xx_hal_can.c...
compiling stm32f4xx_hal_flash_ex.c...
compiling stm32f4xx_hal_flash_ramfunc.c...
compiling stm32f4xx_hal_dma.c...
compiling stm32f4xx_hal_exti.c...
compiling stm32f4xx_hal_gpio.c...
compiling stm32f4xx_hal_dma_ex.c...
compiling stm32f4xx_hal_pwr.c...
compiling stm32f4xx_hal.c...
compiling stm32f4xx_hal_tim.c...
compiling stm32f4xx_hal_cortex.c...
compiling stm32f4xx_hal_pwr_ex.c...
compiling stm32f4xx_hal_tim_ex.c...
compiling stm32f4xx_hal_uart.c...
compiling can_receive.c...
compiling system_stm32f4xx.c...
compiling bsp_rc.c...
compiling bsp_can.c...
compiling remote_control.c...
linking...
Program Size: Code=9884 RO-data=456 RW-data=44 ZI-data=2092  
FromELF: creating hex file...
"my_can_move\my_can_move.axf" - 0 Error(s), 0 Warning(s).

<h2>Software Packages used:</h2>

Package Vendor: ARM
                http://www.keil.com/pack/ARM.CMSIS.5.0.1.pack
                ARM.CMSIS.5.0.1
                CMSIS (Cortex Microcontroller Software Interface Standard)
   * Component: CORE Version: 5.0.1

Package Vendor: Keil
                http://www.keil.com/pack/Keil.STM32F4xx_DFP.2.8.0.pack
                Keil.STM32F4xx_DFP.2.8.0
                STMicroelectronics STM32F4 Series Device Support, Drivers and Examples

<h2>Collection of Component include folders:</h2>
  .\RTE\_my_can_move
  D:\keli5mdk\ARM\PACK\ARM\CMSIS\5.0.1\CMSIS\Include
  D:\keli5mdk\ARM\PACK\Keil\STM32F4xx_DFP\2.8.0\Drivers\CMSIS\Device\ST\STM32F4xx\Include

<h2>Collection of Component Files used:</h2>

   * Component: ARM::CMSIS:CORE:5.0.1
Build Time Elapsed:  00:00:16
</pre>
</body>
</html>
